<?xml version="1.0" encoding="utf-8"?><testsuites name="pytest tests"><testsuite name="pytest" errors="0" failures="0" skipped="0" tests="80" time="2.819" timestamp="2026-09-06T03:03:37.892240+05:30" hostname="Gamergenix"><testcase classname="tests.integration.test_collector" name="test_collector_staging_and_hashing" time="0.012" /><testcase classname="tests.integration.test_distributed_pipeline" name="test_full_distributed_lifecycle" time="0.001" /><testcase classname="tests.integration.test_event_pipeline" name="test_event_normalization_pipeline" time="0.001" /><testcase classname="tests.integration.test_repository_deployment" name="test_repository_descriptors[cowrie-ssh]" time="0.001" /><testcase classname="tests.integration.test_repository_deployment" name="test_repository_descriptors[opencanary-ftp]" time="0.001" /><testcase classname="tests.integration.test_repository_deployment" name="test_repository_descriptors[dionaea-smb]" time="0.001" /><testcase classname="tests.integration.test_repository_deployment" name="test_repository_descriptors[conpot-modbus]" time="0.001" /><testcase classname="tests.integration.test_repository_deployment" name="test_repository_descriptors[honeytrap-dynamic]" time="0.001" /><testcase classname="tests.integration.test_repository_deployment" name="test_repository_descriptors[tpot-all]" time="0.001" /><testcase classname="tests.integration.test_repository_deployment" name="test_repository_descriptors[mhn-hpfeeds]" time="0.000" /><testcase classname="tests.unit.test_analysis_modules" name="test_f1_and_pr_curve" time="0.001" /><testcase classname="tests.unit.test_analysis_modules" name="test_statistical_calculations" time="0.002" /><testcase classname="tests.unit.test_analysis_modules" name="test_hypothesis_tester" time="0.001" /><testcase classname="tests.unit.test_clocks_and_ordering" name="test_lamport_clock_mechanics" time="0.000" /><testcase classname="tests.unit.test_clocks_and_ordering" name="test_vector_clock_causality" time="0.001" /><testcase classname="tests.unit.test_clocks_and_ordering" name="test_clock_comparator" time="0.001" /><testcase classname="tests.unit.test_clocks_and_ordering" name="test_lamport_ordering_sort" time="0.000" /><testcase classname="tests.unit.test_correlation" name="test_ip_correlation_engine" time="0.000" /><testcase classname="tests.unit.test_correlation" name="test_session_correlation_engine" time="0.000" /><testcase classname="tests.unit.test_correlation" name="test_timestamp_correlation_engine" time="0.000" /><testcase classname="tests.unit.test_correlation" name="test_rule_based_correlation_engine" time="0.000" /><testcase classname="tests.unit.test_correlation_and_graph" name="test_session_linker_scoring" time="0.001" /><testcase classname="tests.unit.test_correlation_and_graph" name="test_event_graph_and_sequence_reconstruction" time="0.001" /><testcase classname="tests.unit.test_correlation_and_graph" name="test_attacker_profile_generation" time="0.000" /><testcase classname="tests.unit.test_data_integrity" name="test_data_integrity_and_manifest" time="0.005" /><testcase classname="tests.unit.test_data_integrity" name="test_experiment_manifest_creation" time="0.002" /><testcase classname="tests.unit.test_event_schema" name="test_valid_canonical_event_schema" time="0.001" /><testcase classname="tests.unit.test_event_schema" name="test_invalid_canonical_event_schema" time="0.001" /><testcase classname="tests.unit.test_execution_interface" name="test_native_node_implements_interface" time="0.505" /><testcase classname="tests.unit.test_execution_interface" name="test_docker_node_implements_interface" time="0.151" /><testcase classname="tests.unit.test_lamport" name="test_lamport_clock_monotonicity" time="0.001" /><testcase classname="tests.unit.test_lamport" name="test_lamport_clock_update" time="0.000" /><testcase classname="tests.unit.test_lamport" name="test_lamport_clock_serialization" time="0.000" /><testcase classname="tests.unit.test_normalization" name="test_timestamp_normalizer" time="0.000" /><testcase classname="tests.unit.test_normalization" name="test_source_normalizer" time="0.000" /><testcase classname="tests.unit.test_normalization" name="test_service_normalizer" time="0.001" /><testcase classname="tests.unit.test_normalizers" name="test_timestamp_normalizer" time="0.001" /><testcase classname="tests.unit.test_normalizers" name="test_source_normalizer" time="0.000" /><testcase classname="tests.unit.test_normalizers" name="test_service_normalizer" time="0.000" /><testcase classname="tests.unit.test_parser_fixtures" name="test_cowrie_valid_login_fixture" time="0.000" /><testcase classname="tests.unit.test_parser_fixtures" name="test_cowrie_command_fixture" time="0.000" /><testcase classname="tests.unit.test_parser_fixtures" name="test_opencanary_http_fixture" time="0.001" /><testcase classname="tests.unit.test_parser_fixtures" name="test_dionaea_smb_fixture" time="0.001" /><testcase classname="tests.unit.test_parser_fixtures" name="test_cowrie_auth_failure_fixture" time="0.001" /><testcase classname="tests.unit.test_parser_fixtures" name="test_cowrie_file_download_fixture" time="0.000" /><testcase classname="tests.unit.test_parser_fixtures" name="test_cowrie_file_upload_fixture" time="0.000" /><testcase classname="tests.unit.test_parser_fixtures" name="test_cowrie_session_connect_and_close_fixtures" time="0.001" /><testcase classname="tests.unit.test_parser_fixtures" name="test_opencanary_auth_and_protocols_fixtures" time="0.001" /><testcase classname="tests.unit.test_parser_fixtures" name="test_dionaea_multi_protocol_payload_fixtures" time="0.001" /><testcase classname="tests.unit.test_parsers" name="test_cowrie_parser" time="0.000" /><testcase classname="tests.unit.test_parsers" name="test_opencanary_parser" time="0.000" /><testcase classname="tests.unit.test_parsers" name="test_dionaea_parser" time="0.000" /><testcase classname="tests.unit.test_run_manager" name="test_run_manager_lifecycle" time="0.030" /><testcase classname="tests.unit.test_scenario_generator" name="test_deterministic_seed_reproducibility" time="0.001" /><testcase classname="tests.unit.test_scenario_generator" name="test_scenario_1_nat_negative_control" time="0.000" /><testcase classname="tests.unit.test_scenario_generator" name="test_scenario_2_different_ip_same_attacker" time="0.000" /><testcase classname="tests.unit.test_scenario_generator" name="test_scenario_3_concurrent_attackers" time="0.000" /><testcase classname="tests.unit.test_scenario_generator" name="test_scenario_4_missing_event" time="0.001" /><testcase classname="tests.unit.test_scenario_generator" name="test_scenario_5_duplicate_events" time="0.001" /><testcase classname="tests.unit.test_scenario_generator" name="test_scenario_6_out_of_order" time="0.000" /><testcase classname="tests.unit.test_sequence" name="test_causal_graph_topological_sort" time="0.001" /><testcase classname="tests.unit.test_sequence" name="test_sequence_reconstruction_accuracy" time="0.000" /><testcase classname="tests.unit.test_vector_clock" name="test_vector_clock_tick_and_comparison" time="0.000" /><testcase classname="tests.unit.test_vector_clock" name="test_vector_clock_message_passing" time="0.000" /><testcase classname="tests.validation.test_benchmark_oracle" name="test_oracle_perfect_sequence_accuracy" time="0.001" /><testcase classname="tests.validation.test_benchmark_oracle" name="test_oracle_detects_causal_inversions" time="0.001" /><testcase classname="tests.validation.test_benchmark_oracle" name="test_oracle_perfect_correlation_clusters" time="0.001" /><testcase classname="tests.validation.test_benchmark_oracle" name="test_oracle_detects_cross_attacker_contamination" time="0.001" /><testcase classname="tests.validation.test_benchmark_oracle" name="test_feature_ablation_oracle_validation" time="0.002" /><testcase classname="tests.validation.test_benchmark_oracle" name="test_oracle_everything_split_collapses_recall" time="0.001" /><testcase classname="tests.validation.test_benchmark_oracle" name="test_oracle_everything_merged_collapses_precision" time="0.001" /><testcase classname="tests.validation.test_benchmark_oracle" name="test_oracle_missing_events_penalizes_completeness" time="0.001" /><testcase classname="tests.validation.test_benchmark_oracle" name="test_oracle_partial_order_evaluation" time="0.002" /><testcase classname="tests.validation.test_benchmark_oracle" name="test_oracle_detects_concurrency_in_branching_dag" time="0.001" /><testcase classname="tests.validation.test_ground_truth" name="test_campaign_a_manifests" time="0.001" /><testcase classname="tests.validation.test_metrics" name="test_precision_recall_f1_calculations" time="0.000" /><testcase classname="tests.validation.test_metrics" name="test_fbeta_weighting" time="0.001" /><testcase classname="tests.validation.test_no_ground_truth_leakage" name="test_no_ground_truth_imports_in_production_algorithms" time="0.024" /><testcase classname="tests.validation.test_raw_immutability" name="test_raw_data_immutability_during_e01_execution" time="0.164" /><testcase classname="tests.validation.test_reproducibility" name="test_run_manager_isolation" time="0.015" /></testsuite></testsuites>